src/components/RascunhosModal.tsx(2,22): error TS6133: 'Plus' is declared but its value is never read.
src/components/RascunhosModal.tsx(2,35): error TS6133: 'Trash2' is declared but its value is never read.
src/components/RascunhosModal.tsx(2,43): error TS6133: 'CheckCircle2' is declared but its value is never read.
src/pages/CriarPedidoCompra.tsx(115,37): error TS6133: 'e' is declared but its value is never read.
